nohup: ignoring input
/media/thuongnv/New Volume/Code/Github/ograg2-1/.venv/lib/python3.12/site-packages/huggingface_hub/file_download.py:1132: FutureWarning: `resume_download` is deprecated and will be removed in version 1.0.0. Downloads always resume when possible. If you want to force a new download, use `force_download=True`.
  warnings.warn(
/media/thuongnv/New Volume/Code/Github/ograg2-1/.venv/lib/python3.12/site-packages/torch/cuda/__init__.py:118: UserWarning: CUDA initialization: Unexpected error from cudaGetDeviceCount(). Did you run some cuda functions before calling NumCudaDevices() that might have already set an error? Error 803: system has unsupported display driver / cuda driver combination (Triggered internally at ../c10/cuda/CUDAFunctions.cpp:108.)
  return torch._C._cuda_getDeviceCount() > 0

================================================================================
Building HyperGraph from GO Ontology
================================================================================

Loading embedding model: sentence-transformers/all-MiniLM-L6-v2...
✓ Model loaded

Found 39354 GO term files

Flattening GO terms to facts...
Processing GO terms:   0%|          | 0/39354 [00:00<?, ?it/s]Processing GO terms:  17%|█▋        | 6780/39354 [00:00<00:00, 67789.88it/s]Processing GO terms:  35%|███▌      | 13812/39354 [00:00<00:00, 69274.64it/s]Processing GO terms:  53%|█████▎    | 20740/39354 [00:00<00:00, 69116.63it/s]Processing GO terms:  71%|███████   | 27802/39354 [00:00<00:00, 69708.33it/s]Processing GO terms:  89%|████████▊ | 34840/39354 [00:00<00:00, 69948.54it/s]Processing GO terms: 100%|██████████| 39354/39354 [00:00<00:00, 69224.10it/s]
✓ Created 39354 HyperEdges (facts)

Building HyperNodes (key-value pairs)...
Extracting nodes:   0%|          | 0/39354 [00:00<?, ?it/s]Extracting nodes: 100%|██████████| 39354/39354 [00:00<00:00, 482691.52it/s]
✓ Created 286288 HyperNodes

Generating embeddings (batched to avoid OOM)...

STEP 1: Encoding VALUES (shorter text) - 3 chunks...
Encoding VALUE chunks:   0%|          | 0/3 [00:00<?, ?it/s]/media/thuongnv/New Volume/Code/Github/ograg2-1/.venv/lib/python3.12/site-packages/torch/cuda/__init__.py:619: UserWarning: Can't initialize NVML
  warnings.warn("Can't initialize NVML")
Encoding VALUE chunks:  33%|███▎      | 1/3 [02:39<05:19, 159.70s/it]Encoding VALUE chunks:  67%|██████▋   | 2/3 [05:13<02:36, 156.49s/it]Encoding VALUE chunks: 100%|██████████| 3/3 [07:21<00:00, 143.17s/it]Encoding VALUE chunks: 100%|██████████| 3/3 [07:21<00:00, 147.09s/it]
  Concatenating value embeddings...
✓ Generated 286,288 value embeddings

STEP 2: Encoding KEYS - 3 chunks...
Encoding KEY chunks:   0%|          | 0/3 [00:00<?, ?it/s]Encoding KEY chunks:  33%|███▎      | 1/3 [00:49<01:38, 49.45s/it]Encoding KEY chunks:  67%|██████▋   | 2/3 [01:38<00:49, 49.16s/it]Encoding KEY chunks: 100%|██████████| 3/3 [02:21<00:00, 46.33s/it]Encoding KEY chunks: 100%|██████████| 3/3 [02:21<00:00, 47.13s/it]
  Concatenating key embeddings...
✓ Generated 286,288 key embeddings

Saving hypergraph components...
✓ Saved facts to data/kg/go/ontology/go_hypergraph_facts.pkl
✓ Saved hypernodes to data/kg/go/ontology/go_hypergraph_nodes.pkl
✓ Saved key embeddings to data/kg/go/ontology/go_hypernode_key_embeddings.npy
✓ Saved value embeddings to data/kg/go/ontology/go_hypernode_value_embeddings.npy
✓ Saved summary to data/kg/go/ontology/go_hypergraph_summary.json

================================================================================
✅ HyperGraph Build Complete!
================================================================================

Summary:
  GO Terms: 39,354
  HyperEdges (facts): 39,354
  HyperNodes: 286,288
  Embedding dimension: 384

Output directory: data/kg/go/ontology

